###############################################################################
#
# IAR ELF Linker V7.50.2.10312/W32 for ARM                10/Nov/2017  13:04:00
# Copyright 2007-2015 IAR Systems AB.
#
#    Output file  =  
#        C:\Users\User\Desktop\LuxBot\IAR\ECC_Ver2\ECC\EWARM\ECC\Exe\ECC.out
#    Map file     =  
#        C:\Users\User\Desktop\LuxBot\IAR\ECC_Ver2\ECC\EWARM\ECC\List\ECC.map
#    Command line =  
#        C:\Users\User\Desktop\LuxBot\IAR\ECC_Ver2\ECC\EWARM\ECC\Obj\ADC.o
#        C:\Users\User\Desktop\LuxBot\IAR\ECC_Ver2\ECC\EWARM\ECC\Obj\cmsis_os.o
#        C:\Users\User\Desktop\LuxBot\IAR\ECC_Ver2\ECC\EWARM\ECC\Obj\croutine.o
#        C:\Users\User\Desktop\LuxBot\IAR\ECC_Ver2\ECC\EWARM\ECC\Obj\event_groups.o
#        C:\Users\User\Desktop\LuxBot\IAR\ECC_Ver2\ECC\EWARM\ECC\Obj\freertos.o
#        C:\Users\User\Desktop\LuxBot\IAR\ECC_Ver2\ECC\EWARM\ECC\Obj\heap_4.o
#        C:\Users\User\Desktop\LuxBot\IAR\ECC_Ver2\ECC\EWARM\ECC\Obj\list.o
#        C:\Users\User\Desktop\LuxBot\IAR\ECC_Ver2\ECC\EWARM\ECC\Obj\main.o
#        C:\Users\User\Desktop\LuxBot\IAR\ECC_Ver2\ECC\EWARM\ECC\Obj\mcp2515.o
#        C:\Users\User\Desktop\LuxBot\IAR\ECC_Ver2\ECC\EWARM\ECC\Obj\msp430_spi.o
#        C:\Users\User\Desktop\LuxBot\IAR\ECC_Ver2\ECC\EWARM\ECC\Obj\port.o
#        C:\Users\User\Desktop\LuxBot\IAR\ECC_Ver2\ECC\EWARM\ECC\Obj\portasm.o
#        C:\Users\User\Desktop\LuxBot\IAR\ECC_Ver2\ECC\EWARM\ECC\Obj\queue.o
#        C:\Users\User\Desktop\LuxBot\IAR\ECC_Ver2\ECC\EWARM\ECC\Obj\startup_stm32f407xx.o
#        C:\Users\User\Desktop\LuxBot\IAR\ECC_Ver2\ECC\EWARM\ECC\Obj\Stepper.o
#        C:\Users\User\Desktop\LuxBot\IAR\ECC_Ver2\ECC\EWARM\ECC\Obj\stm32f4xx_hal.o
#        C:\Users\User\Desktop\LuxBot\IAR\ECC_Ver2\ECC\EWARM\ECC\Obj\stm32f4xx_hal_adc.o
#        C:\Users\User\Desktop\LuxBot\IAR\ECC_Ver2\ECC\EWARM\ECC\Obj\stm32f4xx_hal_adc_ex.o
#        C:\Users\User\Desktop\LuxBot\IAR\ECC_Ver2\ECC\EWARM\ECC\Obj\stm32f4xx_hal_cortex.o
#        C:\Users\User\Desktop\LuxBot\IAR\ECC_Ver2\ECC\EWARM\ECC\Obj\stm32f4xx_hal_dma.o
#        C:\Users\User\Desktop\LuxBot\IAR\ECC_Ver2\ECC\EWARM\ECC\Obj\stm32f4xx_hal_dma_ex.o
#        C:\Users\User\Desktop\LuxBot\IAR\ECC_Ver2\ECC\EWARM\ECC\Obj\stm32f4xx_hal_flash.o
#        C:\Users\User\Desktop\LuxBot\IAR\ECC_Ver2\ECC\EWARM\ECC\Obj\stm32f4xx_hal_flash_ex.o
#        C:\Users\User\Desktop\LuxBot\IAR\ECC_Ver2\ECC\EWARM\ECC\Obj\stm32f4xx_hal_flash_ramfunc.o
#        C:\Users\User\Desktop\LuxBot\IAR\ECC_Ver2\ECC\EWARM\ECC\Obj\stm32f4xx_hal_gpio.o
#        C:\Users\User\Desktop\LuxBot\IAR\ECC_Ver2\ECC\EWARM\ECC\Obj\stm32f4xx_hal_msp.o
#        C:\Users\User\Desktop\LuxBot\IAR\ECC_Ver2\ECC\EWARM\ECC\Obj\stm32f4xx_hal_pwr.o
#        C:\Users\User\Desktop\LuxBot\IAR\ECC_Ver2\ECC\EWARM\ECC\Obj\stm32f4xx_hal_pwr_ex.o
#        C:\Users\User\Desktop\LuxBot\IAR\ECC_Ver2\ECC\EWARM\ECC\Obj\stm32f4xx_hal_rcc.o
#        C:\Users\User\Desktop\LuxBot\IAR\ECC_Ver2\ECC\EWARM\ECC\Obj\stm32f4xx_hal_rcc_ex.o
#        C:\Users\User\Desktop\LuxBot\IAR\ECC_Ver2\ECC\EWARM\ECC\Obj\stm32f4xx_hal_spi.o
#        C:\Users\User\Desktop\LuxBot\IAR\ECC_Ver2\ECC\EWARM\ECC\Obj\stm32f4xx_hal_tim.o
#        C:\Users\User\Desktop\LuxBot\IAR\ECC_Ver2\ECC\EWARM\ECC\Obj\stm32f4xx_hal_tim_ex.o
#        C:\Users\User\Desktop\LuxBot\IAR\ECC_Ver2\ECC\EWARM\ECC\Obj\stm32f4xx_hal_uart.o
#        C:\Users\User\Desktop\LuxBot\IAR\ECC_Ver2\ECC\EWARM\ECC\Obj\stm32f4xx_it.o
#        C:\Users\User\Desktop\LuxBot\IAR\ECC_Ver2\ECC\EWARM\ECC\Obj\stm32f4xx_ll_adc.o
#        C:\Users\User\Desktop\LuxBot\IAR\ECC_Ver2\ECC\EWARM\ECC\Obj\stm32f4xx_ll_crc.o
#        C:\Users\User\Desktop\LuxBot\IAR\ECC_Ver2\ECC\EWARM\ECC\Obj\stm32f4xx_ll_dac.o
#        C:\Users\User\Desktop\LuxBot\IAR\ECC_Ver2\ECC\EWARM\ECC\Obj\stm32f4xx_ll_dma.o
#        C:\Users\User\Desktop\LuxBot\IAR\ECC_Ver2\ECC\EWARM\ECC\Obj\stm32f4xx_ll_dma2d.o
#        C:\Users\User\Desktop\LuxBot\IAR\ECC_Ver2\ECC\EWARM\ECC\Obj\stm32f4xx_ll_exti.o
#        C:\Users\User\Desktop\LuxBot\IAR\ECC_Ver2\ECC\EWARM\ECC\Obj\stm32f4xx_ll_fmc.o
#        C:\Users\User\Desktop\LuxBot\IAR\ECC_Ver2\ECC\EWARM\ECC\Obj\stm32f4xx_ll_fsmc.o
#        C:\Users\User\Desktop\LuxBot\IAR\ECC_Ver2\ECC\EWARM\ECC\Obj\stm32f4xx_ll_gpio.o
#        C:\Users\User\Desktop\LuxBot\IAR\ECC_Ver2\ECC\EWARM\ECC\Obj\stm32f4xx_ll_i2c.o
#        C:\Users\User\Desktop\LuxBot\IAR\ECC_Ver2\ECC\EWARM\ECC\Obj\stm32f4xx_ll_lptim.o
#        C:\Users\User\Desktop\LuxBot\IAR\ECC_Ver2\ECC\EWARM\ECC\Obj\stm32f4xx_ll_pwr.o
#        C:\Users\User\Desktop\LuxBot\IAR\ECC_Ver2\ECC\EWARM\ECC\Obj\stm32f4xx_ll_rcc.o
#        C:\Users\User\Desktop\LuxBot\IAR\ECC_Ver2\ECC\EWARM\ECC\Obj\stm32f4xx_ll_rng.o
#        C:\Users\User\Desktop\LuxBot\IAR\ECC_Ver2\ECC\EWARM\ECC\Obj\stm32f4xx_ll_rtc.o
#        C:\Users\User\Desktop\LuxBot\IAR\ECC_Ver2\ECC\EWARM\ECC\Obj\stm32f4xx_ll_sdmmc.o
#        C:\Users\User\Desktop\LuxBot\IAR\ECC_Ver2\ECC\EWARM\ECC\Obj\stm32f4xx_ll_spi.o
#        C:\Users\User\Desktop\LuxBot\IAR\ECC_Ver2\ECC\EWARM\ECC\Obj\stm32f4xx_ll_tim.o
#        C:\Users\User\Desktop\LuxBot\IAR\ECC_Ver2\ECC\EWARM\ECC\Obj\stm32f4xx_ll_usart.o
#        C:\Users\User\Desktop\LuxBot\IAR\ECC_Ver2\ECC\EWARM\ECC\Obj\stm32f4xx_ll_usb.o
#        C:\Users\User\Desktop\LuxBot\IAR\ECC_Ver2\ECC\EWARM\ECC\Obj\stm32f4xx_ll_utils.o
#        C:\Users\User\Desktop\LuxBot\IAR\ECC_Ver2\ECC\EWARM\ECC\Obj\system_stm32f4xx.o
#        C:\Users\User\Desktop\LuxBot\IAR\ECC_Ver2\ECC\EWARM\ECC\Obj\tasks.o
#        C:\Users\User\Desktop\LuxBot\IAR\ECC_Ver2\ECC\EWARM\ECC\Obj\timers.o
#        C:\Users\User\Desktop\LuxBot\IAR\ECC_Ver2\ECC\EWARM\ECC\Obj\USART.o
#        --redirect _Printf=_PrintfFull --redirect _Scanf=_ScanfFull -o
#        C:\Users\User\Desktop\LuxBot\IAR\ECC_Ver2\ECC\EWARM\ECC\Exe\ECC.out
#        --map
#        C:\Users\User\Desktop\LuxBot\IAR\ECC_Ver2\ECC\EWARM\ECC\List\ECC.map
#        --config
#        C:\Users\User\Desktop\LuxBot\IAR\ECC_Ver2\ECC\EWARM/stm32f407xx_flash.icf
#        --semihosting --entry __iar_program_start --vfe
#
###############################################################################

*******************************************************************************
*** RUNTIME MODEL ATTRIBUTES
***

CppFlavor       = *
__SystemLibrary = DLib


*******************************************************************************
*** PLACEMENT SUMMARY
***

"A1":  place at 0x08000000 { ro section .intvec };
"P1":  place in [from 0x08000000 to 0x080fffff] { ro };
"P2":  place in [from 0x20000000 to 0x2001ffff] { rw, block CSTACK, block HEAP };

  Section            Kind        Address    Size  Object
  -------            ----        -------    ----  ------
"A1":                                      0x188
  .intvec            ro code  0x08000000   0x188  startup_stm32f407xx.o [1]
                            - 0x08000188   0x188

"P1":                                     0x2b00
  .text              ro code  0x08000188   0x548  tasks.o [1]
  .text              ro code  0x080006d0   0x1ac  heap_4.o [1]
  .text              ro code  0x0800087c    0x8e  list.o [1]
  .text              ro code  0x0800090c   0x1a0  port.o [1]
  CODE               ro code  0x08000aac    0xa8  portasm.o [1]
  .text              ro code  0x08000b54   0x514  main.o [1]
  .text              ro code  0x08001068    0x70  stm32f4xx_hal.o [1]
  .text              ro code  0x080010d8   0x288  ADC.o [1]
  .text              ro code  0x08001360   0x164  Stepper.o [1]
  .text              ro code  0x080014c4   0x454  stm32f4xx_hal_adc.o [1]
  .text              ro code  0x08001918   0x3aa  stm32f4xx_hal_uart.o [1]
  .text              ro code  0x08001cc4    0x82  stm32f4xx_hal_spi.o [1]
  .text              ro code  0x08001d48    0x76  ABImemcpy_unaligned.o [5]
  .text              ro code  0x08001dc0    0x64  cmsis_os.o [1]
  .text              ro code  0x08001e24   0x464  stm32f4xx_hal_rcc.o [1]
  .text              ro code  0x08002288    0xd8  stm32f4xx_hal_cortex.o [1]
  .text              ro code  0x08002360   0x206  stm32f4xx_hal_gpio.o [1]
  .text              ro code  0x08002568    0x36  strlen.o [5]
  .text              ro code  0x080025a0    0x38  USART.o [1]
  .text              ro code  0x080025d8    0x3c  msp430_spi.o [1]
  .text              ro code  0x08002614   0x1f0  mcp2515.o [1]
  .text              ro code  0x08002804   0x134  stm32f4xx_hal_msp.o [1]
  .text              ro code  0x08002938    0x60  system_stm32f4xx.o [1]
  .text              ro code  0x08002998    0x40  zero_init3.o [5]
  .rodata            const    0x080029d8    0x2c  main.o [1]
  .text              ro code  0x08002a04    0x2c  copy_init3.o [5]
  .text              ro code  0x08002a30    0x28  data_init.o [5]
  .text              ro code  0x08002a58    0x22  fpinit_M.o [4]
  .iar.init_table    const    0x08002a7c    0x24  - Linker created -
  .text              ro code  0x08002aa0    0x20  stm32f4xx_it.o [1]
  Initializer bytes  const    0x08002ac0    0x20  <for P2-1>
  .text              ro code  0x08002ae0    0x1a  cmain.o [5]
  .text              ro code  0x08002afa     0x4  low_level_init.o [3]
  .text              ro code  0x08002afe     0x4  exit.o [3]
  .text              ro code  0x08002b04     0xa  cexit.o [5]
  .text              ro code  0x08002b10    0x14  exit.o [6]
  .text              ro code  0x08002b24    0x10  startup_stm32f407xx.o [1]
  .text              ro code  0x08002b34     0xc  cstartup_M.o [5]
  .rodata            const    0x08002b40     0x8  system_stm32f4xx.o [1]
  .text              ro code  0x08002b48     0x4  startup_stm32f407xx.o [1]
  .text              ro code  0x08002b4c     0x4  startup_stm32f407xx.o [1]
  .text              ro code  0x08002b50     0x4  startup_stm32f407xx.o [1]
  .text              ro code  0x08002b54     0x4  startup_stm32f407xx.o [1]
  .text              ro code  0x08002b58     0x4  startup_stm32f407xx.o [1]
  .text              ro code  0x08002b5c     0x4  startup_stm32f407xx.o [1]
  .text              ro code  0x08002b60     0x4  startup_stm32f407xx.o [1]
  .text              ro code  0x08002b64     0x4  startup_stm32f407xx.o [1]
  .text              ro code  0x08002b68     0x4  startup_stm32f407xx.o [1]
  .text              ro code  0x08002b6c     0x4  startup_stm32f407xx.o [1]
  .text              ro code  0x08002b70     0x4  startup_stm32f407xx.o [1]
  .text              ro code  0x08002b74     0x4  startup_stm32f407xx.o [1]
  .text              ro code  0x08002b78     0x4  startup_stm32f407xx.o [1]
  .text              ro code  0x08002b7c     0x4  startup_stm32f407xx.o [1]
  .text              ro code  0x08002b80     0x4  startup_stm32f407xx.o [1]
  .text              ro code  0x08002b84     0x4  startup_stm32f407xx.o [1]
  .text              ro code  0x08002b88     0x4  startup_stm32f407xx.o [1]
  .text              ro code  0x08002b8c     0x4  startup_stm32f407xx.o [1]
  .text              ro code  0x08002b90     0x4  startup_stm32f407xx.o [1]
  .text              ro code  0x08002b94     0x4  startup_stm32f407xx.o [1]
  .text              ro code  0x08002b98     0x4  startup_stm32f407xx.o [1]
  .text              ro code  0x08002b9c     0x4  startup_stm32f407xx.o [1]
  .text              ro code  0x08002ba0     0x4  startup_stm32f407xx.o [1]
  .text              ro code  0x08002ba4     0x4  startup_stm32f407xx.o [1]
  .text              ro code  0x08002ba8     0x4  startup_stm32f407xx.o [1]
  .text              ro code  0x08002bac     0x4  startup_stm32f407xx.o [1]
  .text              ro code  0x08002bb0     0x4  startup_stm32f407xx.o [1]
  .text              ro code  0x08002bb4     0x4  startup_stm32f407xx.o [1]
  .text              ro code  0x08002bb8     0x4  startup_stm32f407xx.o [1]
  .text              ro code  0x08002bbc     0x4  startup_stm32f407xx.o [1]
  .text              ro code  0x08002bc0     0x4  startup_stm32f407xx.o [1]
  .text              ro code  0x08002bc4     0x4  startup_stm32f407xx.o [1]
  .text              ro code  0x08002bc8     0x4  startup_stm32f407xx.o [1]
  .text              ro code  0x08002bcc     0x4  startup_stm32f407xx.o [1]
  .text              ro code  0x08002bd0     0x4  startup_stm32f407xx.o [1]
  .text              ro code  0x08002bd4     0x4  startup_stm32f407xx.o [1]
  .text              ro code  0x08002bd8     0x4  startup_stm32f407xx.o [1]
  .text              ro code  0x08002bdc     0x4  startup_stm32f407xx.o [1]
  .text              ro code  0x08002be0     0x4  startup_stm32f407xx.o [1]
  .text              ro code  0x08002be4     0x4  startup_stm32f407xx.o [1]
  .text              ro code  0x08002be8     0x4  startup_stm32f407xx.o [1]
  .text              ro code  0x08002bec     0x4  startup_stm32f407xx.o [1]
  .text              ro code  0x08002bf0     0x4  startup_stm32f407xx.o [1]
  .text              ro code  0x08002bf4     0x4  startup_stm32f407xx.o [1]
  .text              ro code  0x08002bf8     0x4  startup_stm32f407xx.o [1]
  .text              ro code  0x08002bfc     0x4  startup_stm32f407xx.o [1]
  .text              ro code  0x08002c00     0x4  startup_stm32f407xx.o [1]
  .text              ro code  0x08002c04     0x4  startup_stm32f407xx.o [1]
  .text              ro code  0x08002c08     0x4  startup_stm32f407xx.o [1]
  .text              ro code  0x08002c0c     0x4  startup_stm32f407xx.o [1]
  .text              ro code  0x08002c10     0x4  startup_stm32f407xx.o [1]
  .text              ro code  0x08002c14     0x4  startup_stm32f407xx.o [1]
  .text              ro code  0x08002c18     0x4  startup_stm32f407xx.o [1]
  .text              ro code  0x08002c1c     0x4  startup_stm32f407xx.o [1]
  .text              ro code  0x08002c20     0x4  startup_stm32f407xx.o [1]
  .text              ro code  0x08002c24     0x4  startup_stm32f407xx.o [1]
  .text              ro code  0x08002c28     0x4  startup_stm32f407xx.o [1]
  .text              ro code  0x08002c2c     0x4  startup_stm32f407xx.o [1]
  .text              ro code  0x08002c30     0x4  startup_stm32f407xx.o [1]
  .text              ro code  0x08002c34     0x4  startup_stm32f407xx.o [1]
  .text              ro code  0x08002c38     0x4  startup_stm32f407xx.o [1]
  .text              ro code  0x08002c3c     0x4  startup_stm32f407xx.o [1]
  .text              ro code  0x08002c40     0x4  startup_stm32f407xx.o [1]
  .text              ro code  0x08002c44     0x4  startup_stm32f407xx.o [1]
  .text              ro code  0x08002c48     0x4  startup_stm32f407xx.o [1]
  .text              ro code  0x08002c4c     0x4  startup_stm32f407xx.o [1]
  .text              ro code  0x08002c50     0x4  startup_stm32f407xx.o [1]
  .text              ro code  0x08002c54     0x4  startup_stm32f407xx.o [1]
  .text              ro code  0x08002c58     0x4  startup_stm32f407xx.o [1]
  .text              ro code  0x08002c5c     0x4  startup_stm32f407xx.o [1]
  .text              ro code  0x08002c60     0x4  startup_stm32f407xx.o [1]
  .text              ro code  0x08002c64     0x4  startup_stm32f407xx.o [1]
  .text              ro code  0x08002c68     0x4  startup_stm32f407xx.o [1]
  .text              ro code  0x08002c6c     0x4  startup_stm32f407xx.o [1]
  .text              ro code  0x08002c70     0x4  startup_stm32f407xx.o [1]
  .text              ro code  0x08002c74     0x4  startup_stm32f407xx.o [1]
  .text              ro code  0x08002c78     0x4  startup_stm32f407xx.o [1]
  .text              ro code  0x08002c7c     0x4  startup_stm32f407xx.o [1]
  .text              ro code  0x08002c80     0x4  startup_stm32f407xx.o [1]
  .text              ro code  0x08002c84     0x4  startup_stm32f407xx.o [1]
  .rodata            const    0x08002c88     0x0  zero_init3.o [5]
  .rodata            const    0x08002c88     0x0  copy_init3.o [5]
                            - 0x08002c88  0x2b00

"P2", part 1 of 3:                          0x20
  P2-1                        0x20000000    0x20  <Init block>
    .data            inited   0x20000000    0x10  ADC.o [1]
    .data            inited   0x20000010     0xc  port.o [1]
    .data            inited   0x2000001c     0x4  system_stm32f4xx.o [1]
                            - 0x20000020    0x20

"P2", part 2 of 3:                         0x400
  CSTACK                      0x20000020   0x400  <Block>
    CSTACK           uninit   0x20000020   0x400  <Block tail>
                            - 0x20000420   0x400

"P2", part 3 of 3:                        0x3f10
  .bss               zero     0x20000420  0x3c18  heap_4.o [1]
  .bss               zero     0x20004038    0xb0  main.o [1]
  .bss               zero     0x200040e8    0xa0  tasks.o [1]
  .bss               zero     0x20004188    0x8c  tasks.o [1]
  .bss               zero     0x20004214    0x70  Stepper.o [1]
  .bss               zero     0x20004284    0x48  ADC.o [1]
  .bss               zero     0x200042cc    0x40  main.o [1]
  .bss               zero     0x2000430c    0x14  USART.o [1]
  .bss               zero     0x20004320     0x5  mcp2515.o [1]
  .bss               zero     0x20004328     0x4  main.o [1]
  .bss               zero     0x2000432c     0x4  stm32f4xx_hal.o [1]
                            - 0x20004330  0x3f10


*******************************************************************************
*** INIT TABLE
***

          Address     Size
          -------     ----
Zero (__iar_zero_init3)
    1 destination range, total size 0x3f10:
          0x20000420  0x3f10

Copy (__iar_copy_init3)
    1 source range, total size 0x20:
          0x08002ac0    0x20
    1 destination range, total size 0x20:
          0x20000000    0x20



*******************************************************************************
*** MODULE SUMMARY
***

    Module                  ro code  ro data  rw data
    ------                  -------  -------  -------
C:\Users\User\Desktop\LuxBot\IAR\ECC_Ver2\ECC\EWARM\ECC\Obj: [1]
    ADC.o                       648       16       88
    Stepper.o                   356               112
    USART.o                      56                20
    cmsis_os.o                  100
    heap_4.o                    428            15 384
    list.o                      142
    main.o                    1 300       44      244
    mcp2515.o                   496                 5
    msp430_spi.o                 60
    port.o                      416       12       12
    portasm.o                   168
    startup_stm32f407xx.o       728
    stm32f4xx_hal.o             112                 4
    stm32f4xx_hal_adc.o       1 108
    stm32f4xx_hal_cortex.o      216
    stm32f4xx_hal_gpio.o        518
    stm32f4xx_hal_msp.o         308
    stm32f4xx_hal_rcc.o       1 124
    stm32f4xx_hal_spi.o         130
    stm32f4xx_hal_uart.o        938
    stm32f4xx_it.o               32
    system_stm32f4xx.o           96       12        4
    tasks.o                   1 352               300
    -------------------------------------------------
    Total:                   10 832       84   16 173

command line: [2]
    -------------------------------------------------
    Total:

dl7M_tlf.a: [3]
    exit.o                        4
    low_level_init.o              4
    -------------------------------------------------
    Total:                        8

m7M_tls.a: [4]
    fpinit_M.o                   34
    -------------------------------------------------
    Total:                       34

rt7M_tl.a: [5]
    ABImemcpy_unaligned.o       118
    cexit.o                      10
    cmain.o                      26
    copy_init3.o                 44
    cstartup_M.o                 12
    data_init.o                  40
    strlen.o                     54
    zero_init3.o                 64
    -------------------------------------------------
    Total:                      368

shb_l.a: [6]
    exit.o                       20
    -------------------------------------------------
    Total:                       20

    Gaps                         16        2        3
    Linker created                        36    1 024
-----------------------------------------------------
    Grand Total:             11 278      122   17 200


*******************************************************************************
*** ENTRY LIST
***

Entry                      Address    Size  Type      Object
-----                      -------    ----  ----      ------
.iar.init_table$$Base   0x08002a7c           --   Gb  - Linker created -
.iar.init_table$$Limit  0x08002aa0           --   Gb  - Linker created -
?main                   0x08002ae1          Code  Gb  cmain.o [5]
ADC_Current             0x20000000     0x8  Data  Gb  ADC.o [1]
ADC_Init                0x080010d9    0x86  Code  Gb  ADC.o [1]
ADC_Init                0x08001813    0xe8  Code  Lc  stm32f4xx_hal_adc.o [1]
ADC_Measure_I           0x0800115f    0x54  Code  Gb  ADC.o [1]
ADC_Measure_V           0x080011b3    0x56  Code  Gb  ADC.o [1]
ADC_Refresh             0x08001293    0x5e  Code  Gb  ADC.o [1]
ADC_Voltage             0x20000008     0x8  Data  Gb  ADC.o [1]
ADC_hadc1               0x20004284    0x48  Data  Gb  ADC.o [1]
AHBPrescTable           0x08002988    0x10  Data  Gb  system_stm32f4xx.o [1]
APBPrescTable           0x08002b40     0x8  Data  Gb  system_stm32f4xx.o [1]
BusFault_Handler        0x08002aa7     0x2  Code  Gb  stm32f4xx_it.o [1]
CSTACK$$Base            0x20000020           --   Gb  - Linker created -
CSTACK$$Limit           0x20000420           --   Gb  - Linker created -
CanTaskFunc             0x08000f51    0x34  Code  Gb  main.o [1]
CanTaskHandle           0x200040e4     0x4  Data  Gb  main.o [1]
DebugMon_Handler        0x08002aab     0x2  Code  Gb  stm32f4xx_it.o [1]
ECC_Mot                 0x20004214    0x70  Data  Gb  Stepper.o [1]
EXTI9_5_IRQHandler      0x08002abb     0x6  Code  Gb  stm32f4xx_it.o [1]
HAL_ADC_ConfigChannel   0x080016e9   0x104  Code  Gb  stm32f4xx_hal_adc.o [1]
HAL_ADC_GetValue        0x080016e3     0x6  Code  Gb  stm32f4xx_hal_adc.o [1]
HAL_ADC_Init            0x080014c5    0x50  Code  Gb  stm32f4xx_hal_adc.o [1]
HAL_ADC_MspInit         0x08002865    0x32  Code  Gb  stm32f4xx_hal_msp.o [1]
HAL_ADC_PollForConversion
                        0x080015a7    0x9c  Code  Gb  stm32f4xx_hal_adc.o [1]
HAL_ADC_Start           0x08001515    0x52  Code  Gb  stm32f4xx_hal_adc.o [1]
HAL_ADC_Stop            0x08001575    0x32  Code  Gb  stm32f4xx_hal_adc.o [1]
HAL_GPIO_EXTI_Callback  0x08002565     0x2  Code  Wk  stm32f4xx_hal_gpio.o [1]
HAL_GPIO_EXTI_IRQHandler
                        0x0800251f    0x14  Code  Gb  stm32f4xx_hal_gpio.o [1]
HAL_GPIO_Init           0x08002361   0x1b6  Code  Gb  stm32f4xx_hal_gpio.o [1]
HAL_GPIO_WritePin       0x08002517     0x8  Code  Gb  stm32f4xx_hal_gpio.o [1]
HAL_GetTick             0x080010c7     0x6  Code  Wk  stm32f4xx_hal.o [1]
HAL_IncTick             0x080010bd     0xa  Code  Wk  stm32f4xx_hal.o [1]
HAL_Init                0x08001069    0x30  Code  Gb  stm32f4xx_hal.o [1]
HAL_InitTick            0x08001099    0x24  Code  Wk  stm32f4xx_hal.o [1]
HAL_MspInit             0x08002805    0x60  Code  Gb  stm32f4xx_hal_msp.o [1]
HAL_NVIC_EnableIRQ      0x080022f7     0xc  Code  Gb  stm32f4xx_hal_cortex.o [1]
HAL_NVIC_SetPriority    0x080022bd    0x3a  Code  Gb  stm32f4xx_hal_cortex.o [1]
HAL_NVIC_SetPriorityGrouping
                        0x080022a3    0x1a  Code  Gb  stm32f4xx_hal_cortex.o [1]
HAL_RCC_ClockConfig     0x080020af   0x12a  Code  Gb  stm32f4xx_hal_rcc.o [1]
HAL_RCC_GetHCLKFreq     0x0800222d     0x6  Code  Gb  stm32f4xx_hal_rcc.o [1]
HAL_RCC_GetPCLK1Freq    0x08002233    0x10  Code  Gb  stm32f4xx_hal_rcc.o [1]
HAL_RCC_GetPCLK2Freq    0x08002243     0xe  Code  Gb  stm32f4xx_hal_rcc.o [1]
HAL_RCC_GetSysClockFreq
                        0x080021e7    0x46  Code  Wk  stm32f4xx_hal_rcc.o [1]
HAL_RCC_OscConfig       0x08001e25   0x282  Code  Wk  stm32f4xx_hal_rcc.o [1]
HAL_SPI_Init            0x08001cc5    0x76  Code  Gb  stm32f4xx_hal_spi.o [1]
HAL_SPI_MspInit         0x08002897    0x3c  Code  Gb  stm32f4xx_hal_msp.o [1]
HAL_SYSTICK_CLKSourceConfig
                        0x08002333    0x14  Code  Gb  stm32f4xx_hal_cortex.o [1]
HAL_SYSTICK_Config      0x0800230b    0x28  Code  Gb  stm32f4xx_hal_cortex.o [1]
HAL_UART_Init           0x08001919    0x28  Code  Gb  stm32f4xx_hal_uart.o [1]
HAL_UART_MspInit        0x080028dd    0x3a  Code  Gb  stm32f4xx_hal_msp.o [1]
HAL_UART_Receive        0x08001a27    0xa6  Code  Gb  stm32f4xx_hal_uart.o [1]
HAL_UART_Transmit       0x08001987    0xa0  Code  Gb  stm32f4xx_hal_uart.o [1]
HardFault_Handler       0x08002aa3     0x2  Code  Gb  stm32f4xx_it.o [1]
MOT_Func                0x08000f43     0xe  Code  Gb  main.o [1]
MOT_Init                0x08001361    0x6a  Code  Gb  Stepper.o [1]
MOT_Pulse_Gen           0x08001477    0x34  Code  Gb  Stepper.o [1]
MOT_Refresh             0x0800141d    0x5a  Code  Gb  Stepper.o [1]
MOT_Set_Direction       0x080013f7    0x26  Code  Gb  Stepper.o [1]
MOT_Set_Enable          0x080013cb    0x2c  Code  Gb  Stepper.o [1]
MOT_TaskHandle          0x200040e0     0x4  Data  Gb  main.o [1]
MX_GPIO_Init            0x08000d4d   0x10a  Code  Lc  main.o [1]
MemManage_Handler       0x08002aa5     0x2  Code  Gb  stm32f4xx_it.o [1]
NMI_Handler             0x08002aa1     0x2  Code  Gb  stm32f4xx_it.o [1]
NVIC_SetPriority        0x08002289    0x1a  Code  Lc  stm32f4xx_hal_cortex.o [1]
PendSV_Handler          0x08000aad          Code  Gb  portasm.o [1]
RX_Buffer               0x20004314     0xc  Data  Gb  USART.o [1]
RX_Task                 0x080025a1    0x38  Code  Gb  USART.o [1]
Region$$Table$$Base     0x08002a7c           --   Gb  - Linker created -
Region$$Table$$Limit    0x08002aa0           --   Gb  - Linker created -
SVC_Handler             0x08000b05          Code  Gb  portasm.o [1]
StartDefaultTask        0x08000ebf    0x1a  Code  Gb  main.o [1]
SysTick_Handler         0x08002aad     0xe  Code  Gb  stm32f4xx_it.o [1]
SystemClock_Config      0x08000c9f    0xae  Code  Gb  main.o [1]
SystemCoreClock         0x2000001c     0x4  Data  Gb  system_stm32f4xx.o [1]
SystemInit              0x08002939    0x3a  Code  Gb  system_stm32f4xx.o [1]
UART_SetConfig          0x08001b47   0x13a  Code  Lc  stm32f4xx_hal_uart.o [1]
UART_WaitOnFlagUntilTimeout
                        0x08001af1    0x56  Code  Lc  stm32f4xx_hal_uart.o [1]
USART_Used              0x20004310     0x4  Data  Gb  USART.o [1]
UsageFault_Handler      0x08002aa9     0x2  Code  Gb  stm32f4xx_it.o [1]
Usart_Func              0x08000ed9    0x6a  Code  Gb  main.o [1]
Usart_TaskHandle        0x200040dc     0x4  Data  Gb  main.o [1]
_Error_Handler          0x08000fd1     0x2  Code  Gb  main.o [1]
__cmain                 0x08002ae1          Code  Gb  cmain.o [5]
__exit                  0x08002b11    0x14  Code  Gb  exit.o [6]
__iar_copy_init3        0x08002a05    0x2c  Code  Gb  copy_init3.o [5]
__iar_data_init3        0x08002a31    0x28  Code  Gb  data_init.o [5]
__iar_init_vfp          0x08002a59          Code  Gb  fpinit_M.o [4]
__iar_program_start     0x08002b35          Code  Gb  cstartup_M.o [5]
__iar_unaligned___aeabi_memcpy
                        0x08001d49          Code  Gb  ABImemcpy_unaligned.o [5]
__iar_unaligned___aeabi_memcpy4
                        0x08001d69          Code  Gb  ABImemcpy_unaligned.o [5]
__iar_unaligned___aeabi_memcpy8
                        0x08001d69          Code  Gb  ABImemcpy_unaligned.o [5]
__iar_zero_init3        0x08002999    0x40  Code  Gb  zero_init3.o [5]
__low_level_init        0x08002afb     0x4  Code  Gb  low_level_init.o [3]
__vector_table          0x08000000          Data  Gb  startup_stm32f407xx.o [1]
_call_main              0x08002aed          Code  Gb  cmain.o [5]
_exit                   0x08002b05          Code  Gb  cexit.o [5]
_main                   0x08002af7          Code  Gb  cmain.o [5]
can_compose_msgid_ext   0x08002721    0x20  Code  Gb  mcp2515.o [1]
can_compose_msgid_std   0x0800270f    0x12  Code  Gb  mcp2515.o [1]
can_init                0x080026c3    0x4c  Code  Gb  mcp2515.o [1]
can_send                0x08002741    0xb2  Code  Gb  mcp2515.o [1]
can_spi_command         0x08002615    0x10  Code  Gb  mcp2515.o [1]
can_w_bit               0x0800265d    0x24  Code  Gb  mcp2515.o [1]
can_w_reg               0x08002635    0x28  Code  Gb  mcp2515.o [1]
can_w_txbuf             0x08002681    0x28  Code  Gb  mcp2515.o [1]
debugPrint              0x08000e73    0x18  Code  Gb  main.o [1]
debugPrintln            0x08000e8b    0x2a  Code  Gb  main.o [1]
defaultTaskHandle       0x200040d8     0x4  Data  Gb  main.o [1]
exit                    0x08002aff     0x4  Code  Gb  exit.o [3]
hadc1                   0x20004038    0x48  Data  Gb  main.o [1]
hspi1                   0x20004080    0x58  Data  Gb  main.o [1]
huart1                  0x200042cc    0x40  Data  Gb  main.o [1]
main                    0x08000b55   0x14a  Code  Gb  main.o [1]
makeFreeRtosPriority    0x08001dc1     0xc  Code  Lc  cmsis_os.o [1]
mcp2515_buf             0x20004324     0x1  Data  Gb  mcp2515.o [1]
mcp2515_ctrl            0x20004321     0x1  Data  Gb  mcp2515.o [1]
mcp2515_exmask          0x20004322     0x1  Data  Gb  mcp2515.o [1]
mcp2515_irq             0x20004323     0x1  Data  Gb  mcp2515.o [1]
mcp2515_txb             0x20004320     0x1  Data  Gb  mcp2515.o [1]
osDelay                 0x08001e03     0xe  Code  Gb  cmsis_os.o [1]
osKernelStart           0x08001dcd     0xa  Code  Gb  cmsis_os.o [1]
osSystickHandler        0x08001e11    0x14  Code  Gb  cmsis_os.o [1]
osThreadCreate          0x08001dd7    0x2c  Code  Gb  cmsis_os.o [1]
prvAddCurrentTaskToDelayedList
                        0x08000655    0x68  Code  Lc  tasks.o [1]
prvAddNewTaskToReadyList
                        0x08000259    0xa6  Code  Lc  tasks.o [1]
prvDeleteTCB            0x080005d9    0x14  Code  Lc  tasks.o [1]
prvIdleTask             0x08000571    0x54  Code  Lc  tasks.o [1]
prvInitialiseNewTask    0x080001e1    0x78  Code  Lc  tasks.o [1]
prvInsertBlockIntoFreeList
                        0x0800082f    0x46  Code  Lc  heap_4.o [1]
prvResetNextTaskUnblockTime
                        0x080005ed    0x1c  Code  Lc  tasks.o [1]
prvTaskExitError        0x08000935    0x28  Code  Lc  port.o [1]
pvPortMalloc            0x080006d1    0xfa  Code  Gb  heap_4.o [1]
pxCurrentTCB            0x20004110     0x4  Data  Gb  tasks.o [1]
pxDelayedTaskList       0x20004114     0x4  Data  Lc  tasks.o [1]
pxEnd                   0x20000428     0x4  Data  Lc  heap_4.o [1]
pxOverflowDelayedTaskList
                        0x20004118     0x4  Data  Lc  tasks.o [1]
pxPortInitialiseStack   0x0800090d    0x26  Code  Gb  port.o [1]
pxReadyTasksLists       0x20004188    0x8c  Data  Lc  tasks.o [1]
spi_init                0x080025d9     0xc  Code  Gb  msp430_spi.o [1]
spi_transfer            0x080025e5    0x26  Code  Gb  msp430_spi.o [1]
strlen                  0x08002569          Code  Gb  strlen.o [5]
ttt                     0x20004328     0x4  Data  Gb  main.o [1]
ucHeap                  0x20000438  0x3c00  Data  Lc  heap_4.o [1]
ucMaxSysCallPriority    0x20000010     0x1  Data  Lc  port.o [1]
ulMaxPRIGROUPValue      0x20000018     0x4  Data  Lc  port.o [1]
uwTick                  0x2000432c     0x4  Data  Gb  stm32f4xx_hal.o [1]
uxCriticalNesting       0x20000014     0x4  Data  Lc  port.o [1]
uxCurrentNumberOfTasks  0x20004134     0x4  Data  Lc  tasks.o [1]
uxDeletedTasksWaitingCleanUp
                        0x2000411c     0x4  Data  Lc  tasks.o [1]
uxListRemove            0x080008e7    0x24  Code  Gb  list.o [1]
uxPendedTicks           0x20004144     0x4  Data  Lc  tasks.o [1]
uxSchedulerSuspended    0x20004158     0x4  Data  Lc  tasks.o [1]
uxTaskNumber            0x20004150     0x4  Data  Lc  tasks.o [1]
uxTopReadyPriority      0x2000413c     0x4  Data  Lc  tasks.o [1]
vListInitialise         0x0800087d    0x1a  Code  Gb  list.o [1]
vListInitialiseItem     0x08000897     0x6  Code  Gb  list.o [1]
vListInsert             0x080008b5    0x32  Code  Gb  list.o [1]
vListInsertEnd          0x0800089d    0x18  Code  Gb  list.o [1]
vPortEnableVFP          0x08000b39          Code  Gb  portasm.o [1]
vPortEnterCritical      0x080009f5    0x32  Code  Gb  port.o [1]
vPortExitCritical       0x08000a27    0x24  Code  Gb  port.o [1]
vPortFree               0x080007dd    0x44  Code  Gb  heap_4.o [1]
vPortSetupTimerInterrupt
                        0x08000a71    0x18  Code  Wk  port.o [1]
vPortStartFirstTask     0x08000b21          Code  Gb  portasm.o [1]
vTaskDelay              0x080002ff    0x28  Code  Gb  tasks.o [1]
vTaskStartScheduler     0x08000331    0x56  Code  Gb  tasks.o [1]
vTaskSuspendAll         0x08000387     0xc  Code  Gb  tasks.o [1]
vTaskSwitchContext      0x08000501    0x52  Code  Gb  tasks.o [1]
xBlockAllocatedBit      0x20000434     0x4  Data  Lc  heap_4.o [1]
xDelayedTaskList1       0x2000415c    0x14  Data  Lc  tasks.o [1]
xDelayedTaskList2       0x20004170    0x14  Data  Lc  tasks.o [1]
xFreeBytesRemaining     0x2000042c     0x4  Data  Lc  heap_4.o [1]
xIdleTaskHandle         0x20004184     0x4  Data  Lc  tasks.o [1]
xMinimumEverFreeBytesRemaining
                        0x20000430     0x4  Data  Lc  heap_4.o [1]
xNextTaskUnblockTime    0x20004154     0x4  Data  Lc  tasks.o [1]
xNumOfOverflows         0x2000414c     0x4  Data  Lc  tasks.o [1]
xPendingReadyList       0x200040e8    0x14  Data  Lc  tasks.o [1]
xPortStartScheduler     0x0800095d    0x84  Code  Gb  port.o [1]
xPortSysTickHandler     0x08000a4b    0x26  Code  Gb  port.o [1]
xSchedulerRunning       0x20004140     0x4  Data  Lc  tasks.o [1]
xStart                  0x20000420     0x8  Data  Lc  heap_4.o [1]
xSuspendedTaskList      0x20004120    0x14  Data  Lc  tasks.o [1]
xTaskCreate             0x08000189    0x58  Code  Gb  tasks.o [1]
xTaskGetSchedulerState  0x08000609    0x18  Code  Gb  tasks.o [1]
xTaskIncrementTick      0x08000439    0xb4  Code  Gb  tasks.o [1]
xTaskResumeAll          0x08000393    0x92  Code  Gb  tasks.o [1]
xTasksWaitingTermination
                        0x200040fc    0x14  Data  Lc  tasks.o [1]
xTickCount              0x20004138     0x4  Data  Lc  tasks.o [1]
xYieldPending           0x20004148     0x4  Data  Lc  tasks.o [1]


[1] = C:\Users\User\Desktop\LuxBot\IAR\ECC_Ver2\ECC\EWARM\ECC\Obj
[2] = command line
[3] = dl7M_tlf.a
[4] = m7M_tls.a
[5] = rt7M_tl.a
[6] = shb_l.a

  11 278 bytes of readonly  code memory
     122 bytes of readonly  data memory
  17 200 bytes of readwrite data memory

Errors: none
Warnings: none
