###############################################################################
#
# IAR ELF Linker V7.50.2.10312/W32 for ARM                26/Feb/2018  13:18:21
# Copyright 2007-2015 IAR Systems AB.
#
#    Output file  =  
#        C:\Users\User\Desktop\LuxBot\IAR\ECC_Ver2\ECC\EWARM\ECC\Exe\ECC.out
#    Map file     =  
#        C:\Users\User\Desktop\LuxBot\IAR\ECC_Ver2\ECC\EWARM\ECC\List\ECC.map
#    Command line =  
#        C:\Users\User\Desktop\LuxBot\IAR\ECC_Ver2\ECC\EWARM\ECC\Obj\ADC.o
#        C:\Users\User\Desktop\LuxBot\IAR\ECC_Ver2\ECC\EWARM\ECC\Obj\cmsis_os.o
#        C:\Users\User\Desktop\LuxBot\IAR\ECC_Ver2\ECC\EWARM\ECC\Obj\croutine.o
#        C:\Users\User\Desktop\LuxBot\IAR\ECC_Ver2\ECC\EWARM\ECC\Obj\event_groups.o
#        C:\Users\User\Desktop\LuxBot\IAR\ECC_Ver2\ECC\EWARM\ECC\Obj\freertos.o
#        C:\Users\User\Desktop\LuxBot\IAR\ECC_Ver2\ECC\EWARM\ECC\Obj\heap_4.o
#        C:\Users\User\Desktop\LuxBot\IAR\ECC_Ver2\ECC\EWARM\ECC\Obj\list.o
#        C:\Users\User\Desktop\LuxBot\IAR\ECC_Ver2\ECC\EWARM\ECC\Obj\main.o
#        C:\Users\User\Desktop\LuxBot\IAR\ECC_Ver2\ECC\EWARM\ECC\Obj\mcp2515.o
#        C:\Users\User\Desktop\LuxBot\IAR\ECC_Ver2\ECC\EWARM\ECC\Obj\msp430_spi.o
#        C:\Users\User\Desktop\LuxBot\IAR\ECC_Ver2\ECC\EWARM\ECC\Obj\port.o
#        C:\Users\User\Desktop\LuxBot\IAR\ECC_Ver2\ECC\EWARM\ECC\Obj\portasm.o
#        C:\Users\User\Desktop\LuxBot\IAR\ECC_Ver2\ECC\EWARM\ECC\Obj\queue.o
#        C:\Users\User\Desktop\LuxBot\IAR\ECC_Ver2\ECC\EWARM\ECC\Obj\startup_stm32f407xx.o
#        C:\Users\User\Desktop\LuxBot\IAR\ECC_Ver2\ECC\EWARM\ECC\Obj\Stepper.o
#        C:\Users\User\Desktop\LuxBot\IAR\ECC_Ver2\ECC\EWARM\ECC\Obj\stm32f4xx_hal.o
#        C:\Users\User\Desktop\LuxBot\IAR\ECC_Ver2\ECC\EWARM\ECC\Obj\stm32f4xx_hal_adc.o
#        C:\Users\User\Desktop\LuxBot\IAR\ECC_Ver2\ECC\EWARM\ECC\Obj\stm32f4xx_hal_adc_ex.o
#        C:\Users\User\Desktop\LuxBot\IAR\ECC_Ver2\ECC\EWARM\ECC\Obj\stm32f4xx_hal_cortex.o
#        C:\Users\User\Desktop\LuxBot\IAR\ECC_Ver2\ECC\EWARM\ECC\Obj\stm32f4xx_hal_dma.o
#        C:\Users\User\Desktop\LuxBot\IAR\ECC_Ver2\ECC\EWARM\ECC\Obj\stm32f4xx_hal_dma_ex.o
#        C:\Users\User\Desktop\LuxBot\IAR\ECC_Ver2\ECC\EWARM\ECC\Obj\stm32f4xx_hal_flash.o
#        C:\Users\User\Desktop\LuxBot\IAR\ECC_Ver2\ECC\EWARM\ECC\Obj\stm32f4xx_hal_flash_ex.o
#        C:\Users\User\Desktop\LuxBot\IAR\ECC_Ver2\ECC\EWARM\ECC\Obj\stm32f4xx_hal_flash_ramfunc.o
#        C:\Users\User\Desktop\LuxBot\IAR\ECC_Ver2\ECC\EWARM\ECC\Obj\stm32f4xx_hal_gpio.o
#        C:\Users\User\Desktop\LuxBot\IAR\ECC_Ver2\ECC\EWARM\ECC\Obj\stm32f4xx_hal_msp.o
#        C:\Users\User\Desktop\LuxBot\IAR\ECC_Ver2\ECC\EWARM\ECC\Obj\stm32f4xx_hal_pwr.o
#        C:\Users\User\Desktop\LuxBot\IAR\ECC_Ver2\ECC\EWARM\ECC\Obj\stm32f4xx_hal_pwr_ex.o
#        C:\Users\User\Desktop\LuxBot\IAR\ECC_Ver2\ECC\EWARM\ECC\Obj\stm32f4xx_hal_rcc.o
#        C:\Users\User\Desktop\LuxBot\IAR\ECC_Ver2\ECC\EWARM\ECC\Obj\stm32f4xx_hal_rcc_ex.o
#        C:\Users\User\Desktop\LuxBot\IAR\ECC_Ver2\ECC\EWARM\ECC\Obj\stm32f4xx_hal_spi.o
#        C:\Users\User\Desktop\LuxBot\IAR\ECC_Ver2\ECC\EWARM\ECC\Obj\stm32f4xx_hal_tim.o
#        C:\Users\User\Desktop\LuxBot\IAR\ECC_Ver2\ECC\EWARM\ECC\Obj\stm32f4xx_hal_tim_ex.o
#        C:\Users\User\Desktop\LuxBot\IAR\ECC_Ver2\ECC\EWARM\ECC\Obj\stm32f4xx_hal_uart.o
#        C:\Users\User\Desktop\LuxBot\IAR\ECC_Ver2\ECC\EWARM\ECC\Obj\stm32f4xx_it.o
#        C:\Users\User\Desktop\LuxBot\IAR\ECC_Ver2\ECC\EWARM\ECC\Obj\stm32f4xx_ll_adc.o
#        C:\Users\User\Desktop\LuxBot\IAR\ECC_Ver2\ECC\EWARM\ECC\Obj\stm32f4xx_ll_crc.o
#        C:\Users\User\Desktop\LuxBot\IAR\ECC_Ver2\ECC\EWARM\ECC\Obj\stm32f4xx_ll_dac.o
#        C:\Users\User\Desktop\LuxBot\IAR\ECC_Ver2\ECC\EWARM\ECC\Obj\stm32f4xx_ll_dma.o
#        C:\Users\User\Desktop\LuxBot\IAR\ECC_Ver2\ECC\EWARM\ECC\Obj\stm32f4xx_ll_dma2d.o
#        C:\Users\User\Desktop\LuxBot\IAR\ECC_Ver2\ECC\EWARM\ECC\Obj\stm32f4xx_ll_exti.o
#        C:\Users\User\Desktop\LuxBot\IAR\ECC_Ver2\ECC\EWARM\ECC\Obj\stm32f4xx_ll_fmc.o
#        C:\Users\User\Desktop\LuxBot\IAR\ECC_Ver2\ECC\EWARM\ECC\Obj\stm32f4xx_ll_fsmc.o
#        C:\Users\User\Desktop\LuxBot\IAR\ECC_Ver2\ECC\EWARM\ECC\Obj\stm32f4xx_ll_gpio.o
#        C:\Users\User\Desktop\LuxBot\IAR\ECC_Ver2\ECC\EWARM\ECC\Obj\stm32f4xx_ll_i2c.o
#        C:\Users\User\Desktop\LuxBot\IAR\ECC_Ver2\ECC\EWARM\ECC\Obj\stm32f4xx_ll_lptim.o
#        C:\Users\User\Desktop\LuxBot\IAR\ECC_Ver2\ECC\EWARM\ECC\Obj\stm32f4xx_ll_pwr.o
#        C:\Users\User\Desktop\LuxBot\IAR\ECC_Ver2\ECC\EWARM\ECC\Obj\stm32f4xx_ll_rcc.o
#        C:\Users\User\Desktop\LuxBot\IAR\ECC_Ver2\ECC\EWARM\ECC\Obj\stm32f4xx_ll_rng.o
#        C:\Users\User\Desktop\LuxBot\IAR\ECC_Ver2\ECC\EWARM\ECC\Obj\stm32f4xx_ll_rtc.o
#        C:\Users\User\Desktop\LuxBot\IAR\ECC_Ver2\ECC\EWARM\ECC\Obj\stm32f4xx_ll_sdmmc.o
#        C:\Users\User\Desktop\LuxBot\IAR\ECC_Ver2\ECC\EWARM\ECC\Obj\stm32f4xx_ll_spi.o
#        C:\Users\User\Desktop\LuxBot\IAR\ECC_Ver2\ECC\EWARM\ECC\Obj\stm32f4xx_ll_tim.o
#        C:\Users\User\Desktop\LuxBot\IAR\ECC_Ver2\ECC\EWARM\ECC\Obj\stm32f4xx_ll_usart.o
#        C:\Users\User\Desktop\LuxBot\IAR\ECC_Ver2\ECC\EWARM\ECC\Obj\stm32f4xx_ll_usb.o
#        C:\Users\User\Desktop\LuxBot\IAR\ECC_Ver2\ECC\EWARM\ECC\Obj\stm32f4xx_ll_utils.o
#        C:\Users\User\Desktop\LuxBot\IAR\ECC_Ver2\ECC\EWARM\ECC\Obj\system_stm32f4xx.o
#        C:\Users\User\Desktop\LuxBot\IAR\ECC_Ver2\ECC\EWARM\ECC\Obj\tasks.o
#        C:\Users\User\Desktop\LuxBot\IAR\ECC_Ver2\ECC\EWARM\ECC\Obj\timers.o
#        C:\Users\User\Desktop\LuxBot\IAR\ECC_Ver2\ECC\EWARM\ECC\Obj\USART.o
#        --redirect _Printf=_PrintfFull --redirect _Scanf=_ScanfFull -o
#        C:\Users\User\Desktop\LuxBot\IAR\ECC_Ver2\ECC\EWARM\ECC\Exe\ECC.out
#        --map
#        C:\Users\User\Desktop\LuxBot\IAR\ECC_Ver2\ECC\EWARM\ECC\List\ECC.map
#        --config
#        C:\Users\User\Desktop\LuxBot\IAR\ECC_Ver2\ECC\EWARM/stm32f407xx_flash.icf
#        --semihosting --entry __iar_program_start --vfe
#
###############################################################################

*******************************************************************************
*** RUNTIME MODEL ATTRIBUTES
***

CppFlavor       = *
__SystemLibrary = DLib


*******************************************************************************
*** PLACEMENT SUMMARY
***

"A1":  place at 0x08000000 { ro section .intvec };
"P1":  place in [from 0x08000000 to 0x080fffff] { ro };
"P2":  place in [from 0x20000000 to 0x2001ffff] { rw, block CSTACK, block HEAP };

  Section            Kind        Address    Size  Object
  -------            ----        -------    ----  ------
"A1":                                      0x188
  .intvec            ro code  0x08000000   0x188  startup_stm32f407xx.o [1]
                            - 0x08000188   0x188

"P1":                                     0x2d7c
  .text              ro code  0x08000188   0x58c  main.o [1]
  .text              ro code  0x08000714    0x70  stm32f4xx_hal.o [1]
  .text              ro code  0x08000784   0x288  ADC.o [1]
  .text              ro code  0x08000a0c   0x164  Stepper.o [1]
  .text              ro code  0x08000b70   0x454  stm32f4xx_hal_adc.o [1]
  .text              ro code  0x08000fc4   0x3aa  stm32f4xx_hal_uart.o [1]
  .text              ro code  0x08001370    0x82  stm32f4xx_hal_spi.o [1]
  .text              ro code  0x080013f4    0x76  ABImemcpy_unaligned.o [5]
  .text              ro code  0x0800146c    0x64  cmsis_os.o [1]
  .text              ro code  0x080014d0   0x464  stm32f4xx_hal_rcc.o [1]
  .text              ro code  0x08001934    0xd8  stm32f4xx_hal_cortex.o [1]
  .text              ro code  0x08001a0c   0x206  stm32f4xx_hal_gpio.o [1]
  .text              ro code  0x08001c14    0x36  strlen.o [5]
  .text              ro code  0x08001c4c    0x38  USART.o [1]
  .text              ro code  0x08001c84   0x388  mcp2515.o [1]
  .text              ro code  0x0800200c    0x28  strncmp.o [3]
  .text              ro code  0x08002034   0x134  stm32f4xx_hal_msp.o [1]
  .text              ro code  0x08002168   0x548  tasks.o [1]
  .text              ro code  0x080026b0   0x1a0  port.o [1]
  .text              ro code  0x08002850    0x80  msp430_spi.o [1]
  .text              ro code  0x080028d0   0x1ac  heap_4.o [1]
  .text              ro code  0x08002a7c    0x8e  list.o [1]
  CODE               ro code  0x08002b0c    0xa8  portasm.o [1]
  .text              ro code  0x08002bb4    0x60  system_stm32f4xx.o [1]
  .text              ro code  0x08002c14    0x40  zero_init3.o [5]
  .rodata            const    0x08002c54    0x2c  main.o [1]
  .text              ro code  0x08002c80    0x2c  copy_init3.o [5]
  .text              ro code  0x08002cac    0x28  data_init.o [5]
  .text              ro code  0x08002cd4    0x22  fpinit_M.o [4]
  .iar.init_table    const    0x08002cf8    0x24  - Linker created -
  .text              ro code  0x08002d1c    0x20  stm32f4xx_it.o [1]
  Initializer bytes  const    0x08002d3c    0x20  <for P2-1>
  .text              ro code  0x08002d5c    0x1a  cmain.o [5]
  .text              ro code  0x08002d76     0x4  low_level_init.o [3]
  .text              ro code  0x08002d7a     0x4  exit.o [3]
  .text              ro code  0x08002d80     0xa  cexit.o [5]
  .text              ro code  0x08002d8c    0x14  exit.o [6]
  .text              ro code  0x08002da0    0x10  startup_stm32f407xx.o [1]
  .text              ro code  0x08002db0     0xc  cstartup_M.o [5]
  .rodata            const    0x08002dbc     0x8  system_stm32f4xx.o [1]
  .text              ro code  0x08002dc4     0x4  startup_stm32f407xx.o [1]
  .text              ro code  0x08002dc8     0x4  startup_stm32f407xx.o [1]
  .text              ro code  0x08002dcc     0x4  startup_stm32f407xx.o [1]
  .text              ro code  0x08002dd0     0x4  startup_stm32f407xx.o [1]
  .text              ro code  0x08002dd4     0x4  startup_stm32f407xx.o [1]
  .text              ro code  0x08002dd8     0x4  startup_stm32f407xx.o [1]
  .text              ro code  0x08002ddc     0x4  startup_stm32f407xx.o [1]
  .text              ro code  0x08002de0     0x4  startup_stm32f407xx.o [1]
  .text              ro code  0x08002de4     0x4  startup_stm32f407xx.o [1]
  .text              ro code  0x08002de8     0x4  startup_stm32f407xx.o [1]
  .text              ro code  0x08002dec     0x4  startup_stm32f407xx.o [1]
  .text              ro code  0x08002df0     0x4  startup_stm32f407xx.o [1]
  .text              ro code  0x08002df4     0x4  startup_stm32f407xx.o [1]
  .text              ro code  0x08002df8     0x4  startup_stm32f407xx.o [1]
  .text              ro code  0x08002dfc     0x4  startup_stm32f407xx.o [1]
  .text              ro code  0x08002e00     0x4  startup_stm32f407xx.o [1]
  .text              ro code  0x08002e04     0x4  startup_stm32f407xx.o [1]
  .text              ro code  0x08002e08     0x4  startup_stm32f407xx.o [1]
  .text              ro code  0x08002e0c     0x4  startup_stm32f407xx.o [1]
  .text              ro code  0x08002e10     0x4  startup_stm32f407xx.o [1]
  .text              ro code  0x08002e14     0x4  startup_stm32f407xx.o [1]
  .text              ro code  0x08002e18     0x4  startup_stm32f407xx.o [1]
  .text              ro code  0x08002e1c     0x4  startup_stm32f407xx.o [1]
  .text              ro code  0x08002e20     0x4  startup_stm32f407xx.o [1]
  .text              ro code  0x08002e24     0x4  startup_stm32f407xx.o [1]
  .text              ro code  0x08002e28     0x4  startup_stm32f407xx.o [1]
  .text              ro code  0x08002e2c     0x4  startup_stm32f407xx.o [1]
  .text              ro code  0x08002e30     0x4  startup_stm32f407xx.o [1]
  .text              ro code  0x08002e34     0x4  startup_stm32f407xx.o [1]
  .text              ro code  0x08002e38     0x4  startup_stm32f407xx.o [1]
  .text              ro code  0x08002e3c     0x4  startup_stm32f407xx.o [1]
  .text              ro code  0x08002e40     0x4  startup_stm32f407xx.o [1]
  .text              ro code  0x08002e44     0x4  startup_stm32f407xx.o [1]
  .text              ro code  0x08002e48     0x4  startup_stm32f407xx.o [1]
  .text              ro code  0x08002e4c     0x4  startup_stm32f407xx.o [1]
  .text              ro code  0x08002e50     0x4  startup_stm32f407xx.o [1]
  .text              ro code  0x08002e54     0x4  startup_stm32f407xx.o [1]
  .text              ro code  0x08002e58     0x4  startup_stm32f407xx.o [1]
  .text              ro code  0x08002e5c     0x4  startup_stm32f407xx.o [1]
  .text              ro code  0x08002e60     0x4  startup_stm32f407xx.o [1]
  .text              ro code  0x08002e64     0x4  startup_stm32f407xx.o [1]
  .text              ro code  0x08002e68     0x4  startup_stm32f407xx.o [1]
  .text              ro code  0x08002e6c     0x4  startup_stm32f407xx.o [1]
  .text              ro code  0x08002e70     0x4  startup_stm32f407xx.o [1]
  .text              ro code  0x08002e74     0x4  startup_stm32f407xx.o [1]
  .text              ro code  0x08002e78     0x4  startup_stm32f407xx.o [1]
  .text              ro code  0x08002e7c     0x4  startup_stm32f407xx.o [1]
  .text              ro code  0x08002e80     0x4  startup_stm32f407xx.o [1]
  .text              ro code  0x08002e84     0x4  startup_stm32f407xx.o [1]
  .text              ro code  0x08002e88     0x4  startup_stm32f407xx.o [1]
  .text              ro code  0x08002e8c     0x4  startup_stm32f407xx.o [1]
  .text              ro code  0x08002e90     0x4  startup_stm32f407xx.o [1]
  .text              ro code  0x08002e94     0x4  startup_stm32f407xx.o [1]
  .text              ro code  0x08002e98     0x4  startup_stm32f407xx.o [1]
  .text              ro code  0x08002e9c     0x4  startup_stm32f407xx.o [1]
  .text              ro code  0x08002ea0     0x4  startup_stm32f407xx.o [1]
  .text              ro code  0x08002ea4     0x4  startup_stm32f407xx.o [1]
  .text              ro code  0x08002ea8     0x4  startup_stm32f407xx.o [1]
  .text              ro code  0x08002eac     0x4  startup_stm32f407xx.o [1]
  .text              ro code  0x08002eb0     0x4  startup_stm32f407xx.o [1]
  .text              ro code  0x08002eb4     0x4  startup_stm32f407xx.o [1]
  .text              ro code  0x08002eb8     0x4  startup_stm32f407xx.o [1]
  .text              ro code  0x08002ebc     0x4  startup_stm32f407xx.o [1]
  .text              ro code  0x08002ec0     0x4  startup_stm32f407xx.o [1]
  .text              ro code  0x08002ec4     0x4  startup_stm32f407xx.o [1]
  .text              ro code  0x08002ec8     0x4  startup_stm32f407xx.o [1]
  .text              ro code  0x08002ecc     0x4  startup_stm32f407xx.o [1]
  .text              ro code  0x08002ed0     0x4  startup_stm32f407xx.o [1]
  .text              ro code  0x08002ed4     0x4  startup_stm32f407xx.o [1]
  .text              ro code  0x08002ed8     0x4  startup_stm32f407xx.o [1]
  .text              ro code  0x08002edc     0x4  startup_stm32f407xx.o [1]
  .text              ro code  0x08002ee0     0x4  startup_stm32f407xx.o [1]
  .text              ro code  0x08002ee4     0x4  startup_stm32f407xx.o [1]
  .text              ro code  0x08002ee8     0x4  startup_stm32f407xx.o [1]
  .text              ro code  0x08002eec     0x4  startup_stm32f407xx.o [1]
  .text              ro code  0x08002ef0     0x4  startup_stm32f407xx.o [1]
  .text              ro code  0x08002ef4     0x4  startup_stm32f407xx.o [1]
  .text              ro code  0x08002ef8     0x4  startup_stm32f407xx.o [1]
  .text              ro code  0x08002efc     0x4  startup_stm32f407xx.o [1]
  .text              ro code  0x08002f00     0x4  startup_stm32f407xx.o [1]
  .rodata            const    0x08002f04     0x0  zero_init3.o [5]
  .rodata            const    0x08002f04     0x0  copy_init3.o [5]
                            - 0x08002f04  0x2d7c

"P2", part 1 of 3:                          0x20
  P2-1                        0x20000000    0x20  <Init block>
    .data            inited   0x20000000    0x10  ADC.o [1]
    .data            inited   0x20000010     0xc  port.o [1]
    .data            inited   0x2000001c     0x4  system_stm32f4xx.o [1]
                            - 0x20000020    0x20

"P2", part 2 of 3:                         0x400
  CSTACK                      0x20000020   0x400  <Block>
    CSTACK           uninit   0x20000020   0x400  <Block tail>
                            - 0x20000420   0x400

"P2", part 3 of 3:                        0x3f10
  .bss               zero     0x20000420  0x3c18  heap_4.o [1]
  .bss               zero     0x20004038    0xb0  main.o [1]
  .bss               zero     0x200040e8    0xa0  tasks.o [1]
  .bss               zero     0x20004188    0x8c  tasks.o [1]
  .bss               zero     0x20004214    0x70  Stepper.o [1]
  .bss               zero     0x20004284    0x48  ADC.o [1]
  .bss               zero     0x200042cc    0x40  main.o [1]
  .bss               zero     0x2000430c    0x14  USART.o [1]
  .bss               zero     0x20004320     0x5  mcp2515.o [1]
  .bss               zero     0x20004328     0x4  main.o [1]
  .bss               zero     0x2000432c     0x4  stm32f4xx_hal.o [1]
                            - 0x20004330  0x3f10


*******************************************************************************
*** INIT TABLE
***

          Address     Size
          -------     ----
Zero (__iar_zero_init3)
    1 destination range, total size 0x3f10:
          0x20000420  0x3f10

Copy (__iar_copy_init3)
    1 source range, total size 0x20:
          0x08002d3c    0x20
    1 destination range, total size 0x20:
          0x20000000    0x20



*******************************************************************************
*** MODULE SUMMARY
***

    Module                  ro code  ro data  rw data
    ------                  -------  -------  -------
C:\Users\User\Desktop\LuxBot\IAR\ECC_Ver2\ECC\EWARM\ECC\Obj: [1]
    ADC.o                       648       16       88
    Stepper.o                   356               112
    USART.o                      56                20
    cmsis_os.o                  100
    heap_4.o                    428            15 384
    list.o                      142
    main.o                    1 420       44      244
    mcp2515.o                   904                 5
    msp430_spi.o                128
    port.o                      416       12       12
    portasm.o                   168
    startup_stm32f407xx.o       728
    stm32f4xx_hal.o             112                 4
    stm32f4xx_hal_adc.o       1 108
    stm32f4xx_hal_cortex.o      216
    stm32f4xx_hal_gpio.o        518
    stm32f4xx_hal_msp.o         308
    stm32f4xx_hal_rcc.o       1 124
    stm32f4xx_hal_spi.o         130
    stm32f4xx_hal_uart.o        938
    stm32f4xx_it.o               32
    system_stm32f4xx.o           96       12        4
    tasks.o                   1 352               300
    -------------------------------------------------
    Total:                   11 428       84   16 173

command line: [2]
    -------------------------------------------------
    Total:

dl7M_tlf.a: [3]
    exit.o                        4
    low_level_init.o              4
    strncmp.o                    40
    -------------------------------------------------
    Total:                       48

m7M_tls.a: [4]
    fpinit_M.o                   34
    -------------------------------------------------
    Total:                       34

rt7M_tl.a: [5]
    ABImemcpy_unaligned.o       118
    cexit.o                      10
    cmain.o                      26
    copy_init3.o                 44
    cstartup_M.o                 12
    data_init.o                  40
    strlen.o                     54
    zero_init3.o                 64
    -------------------------------------------------
    Total:                      368

shb_l.a: [6]
    exit.o                       20
    -------------------------------------------------
    Total:                       20

    Gaps                         16        2        3
    Linker created                        36    1 024
-----------------------------------------------------
    Grand Total:             11 914      122   17 200


*******************************************************************************
*** ENTRY LIST
***

Entry                      Address    Size  Type      Object
-----                      -------    ----  ----      ------
.iar.init_table$$Base   0x08002cf8           --   Gb  - Linker created -
.iar.init_table$$Limit  0x08002d1c           --   Gb  - Linker created -
?main                   0x08002d5d          Code  Gb  cmain.o [5]
ADC_Current             0x20000000     0x8  Data  Gb  ADC.o [1]
ADC_Init                0x08000785    0x86  Code  Gb  ADC.o [1]
ADC_Init                0x08000ebf    0xe8  Code  Lc  stm32f4xx_hal_adc.o [1]
ADC_Measure_I           0x0800080b    0x54  Code  Gb  ADC.o [1]
ADC_Measure_V           0x0800085f    0x56  Code  Gb  ADC.o [1]
ADC_Refresh             0x0800093f    0x5e  Code  Gb  ADC.o [1]
ADC_Voltage             0x20000008     0x8  Data  Gb  ADC.o [1]
ADC_hadc1               0x20004284    0x48  Data  Gb  ADC.o [1]
AHBPrescTable           0x08002c04    0x10  Data  Gb  system_stm32f4xx.o [1]
APBPrescTable           0x08002dbc     0x8  Data  Gb  system_stm32f4xx.o [1]
BusFault_Handler        0x08002d23     0x2  Code  Gb  stm32f4xx_it.o [1]
CSTACK$$Base            0x20000020           --   Gb  - Linker created -
CSTACK$$Limit           0x20000420           --   Gb  - Linker created -
CanTaskFunc             0x08000587    0x90  Code  Gb  main.o [1]
CanTaskHandle           0x200040e4     0x4  Data  Gb  main.o [1]
DebugMon_Handler        0x08002d27     0x2  Code  Gb  stm32f4xx_it.o [1]
ECC_Mot                 0x20004214    0x70  Data  Gb  Stepper.o [1]
EXTI9_5_IRQHandler      0x08002d37     0x6  Code  Gb  stm32f4xx_it.o [1]
HAL_ADC_ConfigChannel   0x08000d95   0x104  Code  Gb  stm32f4xx_hal_adc.o [1]
HAL_ADC_GetValue        0x08000d8f     0x6  Code  Gb  stm32f4xx_hal_adc.o [1]
HAL_ADC_Init            0x08000b71    0x50  Code  Gb  stm32f4xx_hal_adc.o [1]
HAL_ADC_MspInit         0x08002095    0x32  Code  Gb  stm32f4xx_hal_msp.o [1]
HAL_ADC_PollForConversion
                        0x08000c53    0x9c  Code  Gb  stm32f4xx_hal_adc.o [1]
HAL_ADC_Start           0x08000bc1    0x52  Code  Gb  stm32f4xx_hal_adc.o [1]
HAL_ADC_Stop            0x08000c21    0x32  Code  Gb  stm32f4xx_hal_adc.o [1]
HAL_GPIO_EXTI_Callback  0x08001c11     0x2  Code  Wk  stm32f4xx_hal_gpio.o [1]
HAL_GPIO_EXTI_IRQHandler
                        0x08001bcb    0x14  Code  Gb  stm32f4xx_hal_gpio.o [1]
HAL_GPIO_Init           0x08001a0d   0x1b6  Code  Gb  stm32f4xx_hal_gpio.o [1]
HAL_GPIO_WritePin       0x08001bc3     0x8  Code  Gb  stm32f4xx_hal_gpio.o [1]
HAL_GetTick             0x08000773     0x6  Code  Wk  stm32f4xx_hal.o [1]
HAL_IncTick             0x08000769     0xa  Code  Wk  stm32f4xx_hal.o [1]
HAL_Init                0x08000715    0x30  Code  Gb  stm32f4xx_hal.o [1]
HAL_InitTick            0x08000745    0x24  Code  Wk  stm32f4xx_hal.o [1]
HAL_MspInit             0x08002035    0x60  Code  Gb  stm32f4xx_hal_msp.o [1]
HAL_NVIC_EnableIRQ      0x080019a3     0xc  Code  Gb  stm32f4xx_hal_cortex.o [1]
HAL_NVIC_SetPriority    0x08001969    0x3a  Code  Gb  stm32f4xx_hal_cortex.o [1]
HAL_NVIC_SetPriorityGrouping
                        0x0800194f    0x1a  Code  Gb  stm32f4xx_hal_cortex.o [1]
HAL_RCC_ClockConfig     0x0800175b   0x12a  Code  Gb  stm32f4xx_hal_rcc.o [1]
HAL_RCC_GetHCLKFreq     0x080018d9     0x6  Code  Gb  stm32f4xx_hal_rcc.o [1]
HAL_RCC_GetPCLK1Freq    0x080018df    0x10  Code  Gb  stm32f4xx_hal_rcc.o [1]
HAL_RCC_GetPCLK2Freq    0x080018ef     0xe  Code  Gb  stm32f4xx_hal_rcc.o [1]
HAL_RCC_GetSysClockFreq
                        0x08001893    0x46  Code  Wk  stm32f4xx_hal_rcc.o [1]
HAL_RCC_OscConfig       0x080014d1   0x282  Code  Wk  stm32f4xx_hal_rcc.o [1]
HAL_SPI_Init            0x08001371    0x76  Code  Gb  stm32f4xx_hal_spi.o [1]
HAL_SPI_MspInit         0x080020c7    0x3c  Code  Gb  stm32f4xx_hal_msp.o [1]
HAL_SYSTICK_CLKSourceConfig
                        0x080019df    0x14  Code  Gb  stm32f4xx_hal_cortex.o [1]
HAL_SYSTICK_Config      0x080019b7    0x28  Code  Gb  stm32f4xx_hal_cortex.o [1]
HAL_UART_Init           0x08000fc5    0x28  Code  Gb  stm32f4xx_hal_uart.o [1]
HAL_UART_MspInit        0x0800210d    0x3a  Code  Gb  stm32f4xx_hal_msp.o [1]
HAL_UART_Receive        0x080010d3    0xa6  Code  Gb  stm32f4xx_hal_uart.o [1]
HAL_UART_Transmit       0x08001033    0xa0  Code  Gb  stm32f4xx_hal_uart.o [1]
HardFault_Handler       0x08002d1f     0x2  Code  Gb  stm32f4xx_it.o [1]
MOT_Func                0x08000579     0xe  Code  Gb  main.o [1]
MOT_Init                0x08000a0d    0x6a  Code  Gb  Stepper.o [1]
MOT_Pulse_Gen           0x08000b23    0x34  Code  Gb  Stepper.o [1]
MOT_Refresh             0x08000ac9    0x5a  Code  Gb  Stepper.o [1]
MOT_Set_Direction       0x08000aa3    0x26  Code  Gb  Stepper.o [1]
MOT_Set_Enable          0x08000a77    0x2c  Code  Gb  Stepper.o [1]
MOT_TaskHandle          0x200040e0     0x4  Data  Gb  main.o [1]
MX_GPIO_Init            0x08000383   0x10a  Code  Lc  main.o [1]
MemManage_Handler       0x08002d21     0x2  Code  Gb  stm32f4xx_it.o [1]
NMI_Handler             0x08002d1d     0x2  Code  Gb  stm32f4xx_it.o [1]
NVIC_SetPriority        0x08001935    0x1a  Code  Lc  stm32f4xx_hal_cortex.o [1]
PendSV_Handler          0x08002b0d          Code  Gb  portasm.o [1]
RX_Buffer               0x20004314     0xc  Data  Gb  USART.o [1]
RX_Task                 0x08001c4d    0x38  Code  Gb  USART.o [1]
Region$$Table$$Base     0x08002cf8           --   Gb  - Linker created -
Region$$Table$$Limit    0x08002d1c           --   Gb  - Linker created -
SVC_Handler             0x08002b65          Code  Gb  portasm.o [1]
StartDefaultTask        0x080004f5    0x1a  Code  Gb  main.o [1]
SysTick_Handler         0x08002d29     0xe  Code  Gb  stm32f4xx_it.o [1]
SystemClock_Config      0x080002d5    0xae  Code  Gb  main.o [1]
SystemCoreClock         0x2000001c     0x4  Data  Gb  system_stm32f4xx.o [1]
SystemInit              0x08002bb5    0x3a  Code  Gb  system_stm32f4xx.o [1]
UART_SetConfig          0x080011f3   0x13a  Code  Lc  stm32f4xx_hal_uart.o [1]
UART_WaitOnFlagUntilTimeout
                        0x0800119d    0x56  Code  Lc  stm32f4xx_hal_uart.o [1]
USART_Used              0x20004310     0x4  Data  Gb  USART.o [1]
UsageFault_Handler      0x08002d25     0x2  Code  Gb  stm32f4xx_it.o [1]
Usart_Func              0x0800050f    0x6a  Code  Gb  main.o [1]
Usart_TaskHandle        0x200040dc     0x4  Data  Gb  main.o [1]
_Error_Handler          0x08000669     0x2  Code  Gb  main.o [1]
__cmain                 0x08002d5d          Code  Gb  cmain.o [5]
__exit                  0x08002d8d    0x14  Code  Gb  exit.o [6]
__iar_copy_init3        0x08002c81    0x2c  Code  Gb  copy_init3.o [5]
__iar_data_init3        0x08002cad    0x28  Code  Gb  data_init.o [5]
__iar_init_vfp          0x08002cd5          Code  Gb  fpinit_M.o [4]
__iar_program_start     0x08002db1          Code  Gb  cstartup_M.o [5]
__iar_unaligned___aeabi_memcpy
                        0x080013f5          Code  Gb  ABImemcpy_unaligned.o [5]
__iar_unaligned___aeabi_memcpy4
                        0x08001415          Code  Gb  ABImemcpy_unaligned.o [5]
__iar_unaligned___aeabi_memcpy8
                        0x08001415          Code  Gb  ABImemcpy_unaligned.o [5]
__iar_zero_init3        0x08002c15    0x40  Code  Gb  zero_init3.o [5]
__low_level_init        0x08002d77     0x4  Code  Gb  low_level_init.o [3]
__vector_table          0x08000000          Data  Gb  startup_stm32f407xx.o [1]
_call_main              0x08002d69          Code  Gb  cmain.o [5]
_exit                   0x08002d81          Code  Gb  cexit.o [5]
_main                   0x08002d73          Code  Gb  cmain.o [5]
can_compose_msgid_ext   0x08001e61    0x20  Code  Gb  mcp2515.o [1]
can_compose_msgid_std   0x08001e4f    0x12  Code  Gb  mcp2515.o [1]
can_init                0x08001da7    0x92  Code  Gb  mcp2515.o [1]
can_parse_msgid         0x08001e81    0x32  Code  Gb  mcp2515.o [1]
can_r_reg               0x08001ca5    0x28  Code  Gb  mcp2515.o [1]
can_r_rxbuf             0x08001d6d    0x2a  Code  Gb  mcp2515.o [1]
can_recv                0x08001f57    0x76  Code  Gb  mcp2515.o [1]
can_rx_pending          0x08001fcd    0x22  Code  Gb  mcp2515.o [1]
can_send                0x08001eb3    0x9c  Code  Gb  mcp2515.o [1]
can_spi_command         0x08001c85    0x10  Code  Gb  mcp2515.o [1]
can_w_bit               0x08001d0f    0x36  Code  Gb  mcp2515.o [1]
can_w_reg               0x08001ccd    0x24  Code  Gb  mcp2515.o [1]
can_w_txbuf             0x08001d45    0x28  Code  Gb  mcp2515.o [1]
debugPrint              0x080004a9    0x18  Code  Gb  main.o [1]
debugPrintln            0x080004c1    0x2a  Code  Gb  main.o [1]
defaultTaskHandle       0x200040d8     0x4  Data  Gb  main.o [1]
exit                    0x08002d7b     0x4  Code  Gb  exit.o [3]
hadc1                   0x20004038    0x48  Data  Gb  main.o [1]
hspi1                   0x20004080    0x58  Data  Gb  main.o [1]
huart1                  0x200042cc    0x40  Data  Gb  main.o [1]
main                    0x08000189   0x14c  Code  Gb  main.o [1]
makeFreeRtosPriority    0x0800146d     0xc  Code  Lc  cmsis_os.o [1]
mcp2515_buf             0x20004324     0x1  Data  Gb  mcp2515.o [1]
mcp2515_ctrl            0x20004321     0x1  Data  Gb  mcp2515.o [1]
mcp2515_exmask          0x20004322     0x1  Data  Gb  mcp2515.o [1]
mcp2515_irq             0x20004323     0x1  Data  Gb  mcp2515.o [1]
mcp2515_txb             0x20004320     0x1  Data  Gb  mcp2515.o [1]
osDelay                 0x080014af     0xe  Code  Gb  cmsis_os.o [1]
osKernelStart           0x08001479     0xa  Code  Gb  cmsis_os.o [1]
osSystickHandler        0x080014bd    0x14  Code  Gb  cmsis_os.o [1]
osThreadCreate          0x08001483    0x2c  Code  Gb  cmsis_os.o [1]
prvAddCurrentTaskToDelayedList
                        0x08002635    0x68  Code  Lc  tasks.o [1]
prvAddNewTaskToReadyList
                        0x08002239    0xa6  Code  Lc  tasks.o [1]
prvDeleteTCB            0x080025b9    0x14  Code  Lc  tasks.o [1]
prvIdleTask             0x08002551    0x54  Code  Lc  tasks.o [1]
prvInitialiseNewTask    0x080021c1    0x78  Code  Lc  tasks.o [1]
prvInsertBlockIntoFreeList
                        0x08002a2f    0x46  Code  Lc  heap_4.o [1]
prvResetNextTaskUnblockTime
                        0x080025cd    0x1c  Code  Lc  tasks.o [1]
prvTaskExitError        0x080026d9    0x28  Code  Lc  port.o [1]
pvPortMalloc            0x080028d1    0xfa  Code  Gb  heap_4.o [1]
pxCurrentTCB            0x20004110     0x4  Data  Gb  tasks.o [1]
pxDelayedTaskList       0x20004114     0x4  Data  Lc  tasks.o [1]
pxEnd                   0x20000428     0x4  Data  Lc  heap_4.o [1]
pxOverflowDelayedTaskList
                        0x20004118     0x4  Data  Lc  tasks.o [1]
pxPortInitialiseStack   0x080026b1    0x26  Code  Gb  port.o [1]
pxReadyTasksLists       0x20004188    0x8c  Data  Lc  tasks.o [1]
spi_init                0x08002851     0xc  Code  Gb  msp430_spi.o [1]
spi_transfer            0x0800285d    0x6c  Code  Gb  msp430_spi.o [1]
strlen                  0x08001c15          Code  Gb  strlen.o [5]
strncmp                 0x0800200d    0x28  Code  Gb  strncmp.o [3]
ttt                     0x20004328     0x4  Data  Gb  main.o [1]
ucHeap                  0x20000438  0x3c00  Data  Lc  heap_4.o [1]
ucMaxSysCallPriority    0x20000010     0x1  Data  Lc  port.o [1]
ulMaxPRIGROUPValue      0x20000018     0x4  Data  Lc  port.o [1]
uwTick                  0x2000432c     0x4  Data  Gb  stm32f4xx_hal.o [1]
uxCriticalNesting       0x20000014     0x4  Data  Lc  port.o [1]
uxCurrentNumberOfTasks  0x20004134     0x4  Data  Lc  tasks.o [1]
uxDeletedTasksWaitingCleanUp
                        0x2000411c     0x4  Data  Lc  tasks.o [1]
uxListRemove            0x08002ae7    0x24  Code  Gb  list.o [1]
uxPendedTicks           0x20004144     0x4  Data  Lc  tasks.o [1]
uxSchedulerSuspended    0x20004158     0x4  Data  Lc  tasks.o [1]
uxTaskNumber            0x20004150     0x4  Data  Lc  tasks.o [1]
uxTopReadyPriority      0x2000413c     0x4  Data  Lc  tasks.o [1]
vListInitialise         0x08002a7d    0x1a  Code  Gb  list.o [1]
vListInitialiseItem     0x08002a97     0x6  Code  Gb  list.o [1]
vListInsert             0x08002ab5    0x32  Code  Gb  list.o [1]
vListInsertEnd          0x08002a9d    0x18  Code  Gb  list.o [1]
vPortEnableVFP          0x08002b99          Code  Gb  portasm.o [1]
vPortEnterCritical      0x08002799    0x32  Code  Gb  port.o [1]
vPortExitCritical       0x080027cb    0x24  Code  Gb  port.o [1]
vPortFree               0x080029dd    0x44  Code  Gb  heap_4.o [1]
vPortSetupTimerInterrupt
                        0x08002815    0x18  Code  Wk  port.o [1]
vPortStartFirstTask     0x08002b81          Code  Gb  portasm.o [1]
vTaskDelay              0x080022df    0x28  Code  Gb  tasks.o [1]
vTaskStartScheduler     0x08002311    0x56  Code  Gb  tasks.o [1]
vTaskSuspendAll         0x08002367     0xc  Code  Gb  tasks.o [1]
vTaskSwitchContext      0x080024e1    0x52  Code  Gb  tasks.o [1]
xBlockAllocatedBit      0x20000434     0x4  Data  Lc  heap_4.o [1]
xDelayedTaskList1       0x2000415c    0x14  Data  Lc  tasks.o [1]
xDelayedTaskList2       0x20004170    0x14  Data  Lc  tasks.o [1]
xFreeBytesRemaining     0x2000042c     0x4  Data  Lc  heap_4.o [1]
xIdleTaskHandle         0x20004184     0x4  Data  Lc  tasks.o [1]
xMinimumEverFreeBytesRemaining
                        0x20000430     0x4  Data  Lc  heap_4.o [1]
xNextTaskUnblockTime    0x20004154     0x4  Data  Lc  tasks.o [1]
xNumOfOverflows         0x2000414c     0x4  Data  Lc  tasks.o [1]
xPendingReadyList       0x200040e8    0x14  Data  Lc  tasks.o [1]
xPortStartScheduler     0x08002701    0x84  Code  Gb  port.o [1]
xPortSysTickHandler     0x080027ef    0x26  Code  Gb  port.o [1]
xSchedulerRunning       0x20004140     0x4  Data  Lc  tasks.o [1]
xStart                  0x20000420     0x8  Data  Lc  heap_4.o [1]
xSuspendedTaskList      0x20004120    0x14  Data  Lc  tasks.o [1]
xTaskCreate             0x08002169    0x58  Code  Gb  tasks.o [1]
xTaskGetSchedulerState  0x080025e9    0x18  Code  Gb  tasks.o [1]
xTaskIncrementTick      0x08002419    0xb4  Code  Gb  tasks.o [1]
xTaskResumeAll          0x08002373    0x92  Code  Gb  tasks.o [1]
xTasksWaitingTermination
                        0x200040fc    0x14  Data  Lc  tasks.o [1]
xTickCount              0x20004138     0x4  Data  Lc  tasks.o [1]
xYieldPending           0x20004148     0x4  Data  Lc  tasks.o [1]


[1] = C:\Users\User\Desktop\LuxBot\IAR\ECC_Ver2\ECC\EWARM\ECC\Obj
[2] = command line
[3] = dl7M_tlf.a
[4] = m7M_tls.a
[5] = rt7M_tl.a
[6] = shb_l.a

  11 914 bytes of readonly  code memory
     122 bytes of readonly  data memory
  17 200 bytes of readwrite data memory

Errors: none
Warnings: none
